// Jest Snapshot v1, https://goo.gl/fbAQLP

exports[`RowColumnSelector Component Renders 1`] = `
<RowColumnSelector
  label="Test"
  selector="rows"
  size={10}
>
  <div>
    <label>
      Test
    </label>
    <select>
      <option
        key="0"
        value={1}
      >
        1
      </option>
      <option
        key="1"
        value={2}
      >
        2
      </option>
      <option
        key="2"
        value={3}
      >
        3
      </option>
      <option
        key="3"
        value={4}
      >
        4
      </option>
      <option
        key="4"
        value={5}
      >
        5
      </option>
      <option
        key="5"
        value={6}
      >
        6
      </option>
      <option
        key="6"
        value={7}
      >
        7
      </option>
      <option
        key="7"
        value={8}
      >
        8
      </option>
      <option
        key="8"
        value={9}
      >
        9
      </option>
      <option
        key="9"
        value={10}
      >
        10
      </option>
    </select>
  </div>
</RowColumnSelector>
`;
